[0.010s] Invoking command in '/home/marconipavan/evtol/dev/src/cbr2026/fase1/build/fase1': CMAKE_PREFIX_PATH=/opt/ros/humble /usr/bin/cmake /home/marconipavan/evtol/dev/src/cbr2026/fase1 -DCMAKE_INSTALL_PREFIX=/home/marconipavan/evtol/dev/src/cbr2026/fase1/install/fase1
[0.294s] -- The C compiler identification is GNU 11.4.0
[0.417s] -- The CXX compiler identification is GNU 11.4.0
[0.437s] -- Detecting C compiler ABI info
[0.539s] -- Detecting C compiler ABI info - done
[0.550s] -- Check for working C compiler: /usr/bin/cc - skipped
[0.551s] -- Detecting C compile features
[0.552s] -- Detecting C compile features - done
[0.556s] -- Detecting CXX compiler ABI info
[0.648s] -- Detecting CXX compiler ABI info - done
[0.658s] -- Check for working CXX compiler: /usr/bin/c++ - skipped
[0.658s] -- Detecting CXX compile features
[0.659s] -- Detecting CXX compile features - done
[0.680s] -- Found ament_cmake: 1.3.12 (/opt/ros/humble/share/ament_cmake/cmake)
[1.058s] -- Found Python3: /usr/bin/python3 (found version "3.10.12") found components: Interpreter 
[1.150s] -- Found rclcpp: 16.0.15 (/opt/ros/humble/share/rclcpp/cmake)
[1.238s] -- Found rosidl_generator_c: 3.1.7 (/opt/ros/humble/share/rosidl_generator_c/cmake)
[1.246s] -- Found rosidl_adapter: 3.1.7 (/opt/ros/humble/share/rosidl_adapter/cmake)
[1.257s] -- Found rosidl_generator_cpp: 3.1.7 (/opt/ros/humble/share/rosidl_generator_cpp/cmake)
[1.269s] -- Using all available rosidl_typesupport_c: rosidl_typesupport_fastrtps_c;rosidl_typesupport_introspection_c
[1.284s] -- Using all available rosidl_typesupport_cpp: rosidl_typesupport_fastrtps_cpp;rosidl_typesupport_introspection_cpp
[1.322s] -- Found rmw_implementation_cmake: 6.1.2 (/opt/ros/humble/share/rmw_implementation_cmake/cmake)
[1.324s] -- Found rmw_fastrtps_cpp: 6.2.8 (/opt/ros/humble/share/rmw_fastrtps_cpp/cmake)
[1.516s] -- Found OpenSSL: /usr/lib/x86_64-linux-gnu/libcrypto.so (found version "3.0.2")  
[1.542s] -- Found FastRTPS: /opt/ros/humble/include  
[1.580s] -- Using RMW implementation 'rmw_fastrtps_cpp' as default
[1.600s] -- Looking for pthread.h
[1.726s] -- Looking for pthread.h - found
[1.727s] -- Performing Test CMAKE_HAVE_LIBC_PTHREAD
[1.805s] -- Performing Test CMAKE_HAVE_LIBC_PTHREAD - Success
[1.806s] -- Found Threads: TRUE  
[1.866s] -- Found eigen3_cmake_module: 0.1.1 (/opt/ros/humble/share/eigen3_cmake_module/cmake)
[1.871s] -- Found Eigen3: TRUE (found version "3.4.0") 
[1.878s] CMake Error at CMakeLists.txt:16 (find_package):
[1.878s]   By not providing "Findfsm.cmake" in CMAKE_MODULE_PATH this project has
[1.878s]   asked CMake to find a package configuration file provided by "fsm", but
[1.878s]   CMake did not find one.
[1.878s] 
[1.878s]   Could not find a package configuration file provided by "fsm" with any of
[1.878s]   the following names:
[1.878s] 
[1.878s]     fsmConfig.cmake
[1.878s]     fsm-config.cmake
[1.878s] 
[1.878s]   Add the installation prefix of "fsm" to CMAKE_PREFIX_PATH or set "fsm_DIR"
[1.878s]   to a directory containing one of the above files.  If "fsm" provides a
[1.878s]   separate development package or SDK, be sure it has been installed.
[1.878s] 
[1.879s] 
[1.879s] -- Configuring incomplete, errors occurred!
[1.879s] See also "/home/marconipavan/evtol/dev/src/cbr2026/fase1/build/fase1/CMakeFiles/CMakeOutput.log".
[1.885s] Invoked command in '/home/marconipavan/evtol/dev/src/cbr2026/fase1/build/fase1' returned '1': CMAKE_PREFIX_PATH=/opt/ros/humble /usr/bin/cmake /home/marconipavan/evtol/dev/src/cbr2026/fase1 -DCMAKE_INSTALL_PREFIX=/home/marconipavan/evtol/dev/src/cbr2026/fase1/install/fase1
