[0.345s] DEBUG:colcon:Command line arguments: ['/usr/bin/colcon', 'build', '--packages-select', 'fase1']
[0.345s] DEBUG:colcon:Parsed command line arguments: Namespace(log_base=None, log_level=None, verb_name='build', build_base='build', install_base='install', merge_install=False, symlink_install=False, test_result_base=None, continue_on_error=False, executor='parallel', parallel_workers=12, event_handlers=None, ignore_user_meta=False, metas=['./colcon.meta'], base_paths=['.'], packages_ignore=None, packages_ignore_regex=None, paths=None, packages_up_to=None, packages_up_to_regex=None, packages_above=None, packages_above_and_dependencies=None, packages_above_depth=None, packages_select_by_dep=None, packages_skip_by_dep=None, packages_skip_up_to=None, packages_select_build_failed=False, packages_skip_build_finished=False, packages_select_test_failures=False, packages_skip_test_passed=False, packages_select=['fase1'], packages_skip=None, packages_select_regex=None, packages_skip_regex=None, packages_start=None, packages_end=None, allow_overriding=[], cmake_args=None, cmake_target=None, cmake_target_skip_unavailable=False, cmake_clean_cache=False, cmake_clean_first=False, cmake_force_configure=False, ament_cmake_args=None, catkin_cmake_args=None, catkin_skip_building_tests=False, mixin_files=None, mixin=None, verb_parser=<colcon_mixin.mixin.mixin_argument.MixinArgumentDecorator object at 0x754baf4a9f60>, verb_extension=<colcon_core.verb.build.BuildVerb object at 0x754baf4a98d0>, main=<bound method BuildVerb.main of <colcon_core.verb.build.BuildVerb object at 0x754baf4a98d0>>, mixin_verb=('build',))
[0.439s] Level 1:colcon.colcon_core.package_discovery:discover_packages(colcon_meta) check parameters
[0.439s] Level 1:colcon.colcon_core.package_discovery:discover_packages(recursive) check parameters
[0.439s] Level 1:colcon.colcon_core.package_discovery:discover_packages(ignore) check parameters
[0.439s] Level 1:colcon.colcon_core.package_discovery:discover_packages(path) check parameters
[0.439s] Level 1:colcon.colcon_core.package_discovery:discover_packages(colcon_meta) discover
[0.439s] Level 1:colcon.colcon_core.package_discovery:discover_packages(recursive) discover
[0.439s] INFO:colcon.colcon_core.package_discovery:Crawling recursively for packages in '/home/marconipavan/evtol/dev/src/cbr2026/fase1'
[0.439s] Level 1:colcon.colcon_core.package_identification:_identify(.) by extensions ['ignore', 'ignore_ament_install']
[0.439s] Level 1:colcon.colcon_core.package_identification:_identify(.) by extension 'ignore'
[0.439s] Level 1:colcon.colcon_core.package_identification:_identify(.) by extension 'ignore_ament_install'
[0.440s] Level 1:colcon.colcon_core.package_identification:_identify(.) by extensions ['colcon_pkg']
[0.440s] Level 1:colcon.colcon_core.package_identification:_identify(.) by extension 'colcon_pkg'
[0.440s] Level 1:colcon.colcon_core.package_identification:_identify(.) by extensions ['colcon_meta']
[0.440s] Level 1:colcon.colcon_core.package_identification:_identify(.) by extension 'colcon_meta'
[0.440s] Level 1:colcon.colcon_core.package_identification:_identify(.) by extensions ['ros']
[0.440s] Level 1:colcon.colcon_core.package_identification:_identify(.) by extension 'ros'
[0.496s] DEBUG:colcon.colcon_core.package_identification:Package '.' with type 'ros.ament_cmake' and name 'fase1'
[0.496s] Level 1:colcon.colcon_core.package_discovery:discover_packages(recursive) using defaults
[0.496s] Level 1:colcon.colcon_core.package_discovery:discover_packages(ignore) discover
[0.496s] Level 1:colcon.colcon_core.package_discovery:discover_packages(ignore) using defaults
[0.496s] Level 1:colcon.colcon_core.package_discovery:discover_packages(path) discover
[0.496s] Level 1:colcon.colcon_core.package_discovery:discover_packages(path) using defaults
[0.558s] Level 1:colcon.colcon_core.package_discovery:discover_packages(prefix_path) check parameters
[0.558s] Level 1:colcon.colcon_core.package_discovery:discover_packages(prefix_path) discover
[0.562s] DEBUG:colcon.colcon_installed_package_information.package_discovery:Found 285 installed packages in /opt/ros/humble
[0.563s] Level 1:colcon.colcon_core.package_discovery:discover_packages(prefix_path) using defaults
[0.613s] Level 5:colcon.colcon_core.verb:set package 'fase1' build argument 'cmake_args' from command line to 'None'
[0.613s] Level 5:colcon.colcon_core.verb:set package 'fase1' build argument 'cmake_target' from command line to 'None'
[0.613s] Level 5:colcon.colcon_core.verb:set package 'fase1' build argument 'cmake_target_skip_unavailable' from command line to 'False'
[0.613s] Level 5:colcon.colcon_core.verb:set package 'fase1' build argument 'cmake_clean_cache' from command line to 'False'
[0.613s] Level 5:colcon.colcon_core.verb:set package 'fase1' build argument 'cmake_clean_first' from command line to 'False'
[0.613s] Level 5:colcon.colcon_core.verb:set package 'fase1' build argument 'cmake_force_configure' from command line to 'False'
[0.613s] Level 5:colcon.colcon_core.verb:set package 'fase1' build argument 'ament_cmake_args' from command line to 'None'
[0.613s] Level 5:colcon.colcon_core.verb:set package 'fase1' build argument 'catkin_cmake_args' from command line to 'None'
[0.613s] Level 5:colcon.colcon_core.verb:set package 'fase1' build argument 'catkin_skip_building_tests' from command line to 'False'
[0.613s] DEBUG:colcon.colcon_core.verb:Building package 'fase1' with the following arguments: {'ament_cmake_args': None, 'build_base': '/home/marconipavan/evtol/dev/src/cbr2026/fase1/build/fase1', 'catkin_cmake_args': None, 'catkin_skip_building_tests': False, 'cmake_args': None, 'cmake_clean_cache': False, 'cmake_clean_first': False, 'cmake_force_configure': False, 'cmake_target': None, 'cmake_target_skip_unavailable': False, 'install_base': '/home/marconipavan/evtol/dev/src/cbr2026/fase1/install/fase1', 'merge_install': False, 'path': '/home/marconipavan/evtol/dev/src/cbr2026/fase1', 'symlink_install': False, 'test_result_base': None}
[0.613s] INFO:colcon.colcon_core.executor:Executing jobs using 'parallel' executor
[0.614s] DEBUG:colcon.colcon_parallel_executor.executor.parallel:run_until_complete
[0.614s] INFO:colcon.colcon_ros.task.ament_cmake.build:Building ROS package in '/home/marconipavan/evtol/dev/src/cbr2026/fase1' with build type 'ament_cmake'
[0.614s] INFO:colcon.colcon_cmake.task.cmake.build:Building CMake package in '/home/marconipavan/evtol/dev/src/cbr2026/fase1'
[0.617s] INFO:colcon.colcon_core.plugin_system:Skipping extension 'colcon_core.shell.bat': Not used on non-Windows systems
[0.617s] INFO:colcon.colcon_core.shell:Skip shell extension 'powershell' for command environment: Not usable outside of PowerShell
[0.617s] DEBUG:colcon.colcon_core.shell:Skip shell extension 'dsv' for command environment
[0.625s] DEBUG:colcon.colcon_core.event_handler.log_command:Invoking command in '/home/marconipavan/evtol/dev/src/cbr2026/fase1/build/fase1': CMAKE_PREFIX_PATH=/opt/ros/humble /usr/bin/cmake /home/marconipavan/evtol/dev/src/cbr2026/fase1 -DCMAKE_INSTALL_PREFIX=/home/marconipavan/evtol/dev/src/cbr2026/fase1/install/fase1
[2.500s] DEBUG:colcon.colcon_core.event_handler.log_command:Invoked command in '/home/marconipavan/evtol/dev/src/cbr2026/fase1/build/fase1' returned '1': CMAKE_PREFIX_PATH=/opt/ros/humble /usr/bin/cmake /home/marconipavan/evtol/dev/src/cbr2026/fase1 -DCMAKE_INSTALL_PREFIX=/home/marconipavan/evtol/dev/src/cbr2026/fase1/install/fase1
[2.514s] Level 1:colcon.colcon_core.environment:create_environment_scripts_only(fase1)
[2.518s] Level 1:colcon.colcon_core.environment:checking '/home/marconipavan/evtol/dev/src/cbr2026/fase1/install/fase1' for CMake module files
[2.519s] Level 1:colcon.colcon_core.environment:checking '/home/marconipavan/evtol/dev/src/cbr2026/fase1/install/fase1' for CMake config files
[2.519s] Level 1:colcon.colcon_core.environment:checking '/home/marconipavan/evtol/dev/src/cbr2026/fase1/install/fase1/bin'
[2.519s] Level 1:colcon.colcon_core.environment:checking '/home/marconipavan/evtol/dev/src/cbr2026/fase1/install/fase1/lib/pkgconfig/fase1.pc'
[2.520s] Level 1:colcon.colcon_core.environment:checking '/home/marconipavan/evtol/dev/src/cbr2026/fase1/install/fase1/lib/python3.10/site-packages'
[2.520s] Level 1:colcon.colcon_core.environment:checking '/home/marconipavan/evtol/dev/src/cbr2026/fase1/install/fase1/bin'
[2.520s] INFO:colcon.colcon_core.shell:Creating package script '/home/marconipavan/evtol/dev/src/cbr2026/fase1/install/fase1/share/fase1/package.ps1'
[2.521s] INFO:colcon.colcon_core.shell:Creating package descriptor '/home/marconipavan/evtol/dev/src/cbr2026/fase1/install/fase1/share/fase1/package.dsv'
[2.522s] INFO:colcon.colcon_core.shell:Creating package script '/home/marconipavan/evtol/dev/src/cbr2026/fase1/install/fase1/share/fase1/package.sh'
[2.522s] INFO:colcon.colcon_core.shell:Creating package script '/home/marconipavan/evtol/dev/src/cbr2026/fase1/install/fase1/share/fase1/package.bash'
[2.525s] INFO:colcon.colcon_core.shell:Creating package script '/home/marconipavan/evtol/dev/src/cbr2026/fase1/install/fase1/share/fase1/package.zsh'
[2.526s] Level 1:colcon.colcon_core.environment:create_file_with_runtime_dependencies(/home/marconipavan/evtol/dev/src/cbr2026/fase1/install/fase1/share/colcon-core/packages/fase1)
[2.537s] DEBUG:colcon.colcon_parallel_executor.executor.parallel:closing loop
[2.537s] DEBUG:colcon.colcon_parallel_executor.executor.parallel:loop closed
[2.537s] DEBUG:colcon.colcon_parallel_executor.executor.parallel:run_until_complete finished with '1'
[2.537s] DEBUG:colcon.colcon_core.event_reactor:joining thread
[2.569s] INFO:colcon.colcon_core.plugin_system:Skipping extension 'colcon_notification.desktop_notification.terminal_notifier': Not used on non-Darwin systems
[2.569s] INFO:colcon.colcon_core.plugin_system:Skipping extension 'colcon_notification.desktop_notification.win32': Not used on non-Windows systems
[2.569s] INFO:colcon.colcon_notification.desktop_notification:Sending desktop notification using 'notify2'
[2.616s] DEBUG:colcon.colcon_core.event_reactor:joined thread
[2.616s] INFO:colcon.colcon_core.shell:Creating prefix script '/home/marconipavan/evtol/dev/src/cbr2026/fase1/install/local_setup.ps1'
[2.618s] INFO:colcon.colcon_core.shell:Creating prefix util module '/home/marconipavan/evtol/dev/src/cbr2026/fase1/install/_local_setup_util_ps1.py'
[2.623s] INFO:colcon.colcon_core.shell:Creating prefix chain script '/home/marconipavan/evtol/dev/src/cbr2026/fase1/install/setup.ps1'
[2.624s] INFO:colcon.colcon_core.shell:Creating prefix script '/home/marconipavan/evtol/dev/src/cbr2026/fase1/install/local_setup.sh'
[2.625s] INFO:colcon.colcon_core.shell:Creating prefix util module '/home/marconipavan/evtol/dev/src/cbr2026/fase1/install/_local_setup_util_sh.py'
[2.625s] INFO:colcon.colcon_core.shell:Creating prefix chain script '/home/marconipavan/evtol/dev/src/cbr2026/fase1/install/setup.sh'
[2.626s] INFO:colcon.colcon_core.shell:Creating prefix script '/home/marconipavan/evtol/dev/src/cbr2026/fase1/install/local_setup.bash'
[2.627s] INFO:colcon.colcon_core.shell:Creating prefix chain script '/home/marconipavan/evtol/dev/src/cbr2026/fase1/install/setup.bash'
[2.628s] INFO:colcon.colcon_core.shell:Creating prefix script '/home/marconipavan/evtol/dev/src/cbr2026/fase1/install/local_setup.zsh'
[2.630s] INFO:colcon.colcon_core.shell:Creating prefix chain script '/home/marconipavan/evtol/dev/src/cbr2026/fase1/install/setup.zsh'
